// Vitest Snapshot v1, https://vitest.dev/guide/snapshot.html

exports[`matches <Restrooms> default snapshot 1`] = `
<DocumentFragment>
  <div
    class="leaflet-container leaflet-touch leaflet-grab leaflet-touch-drag leaflet-touch-zoom"
    id="map"
    style="position: relative;"
    tabindex="0"
  >
    <div
      class="leaflet-pane leaflet-map-pane"
      style="left: 0px; top: 0px;"
    >
      <div
        class="leaflet-pane leaflet-tile-pane"
      >
        <div
          class="leaflet-layer "
          style="z-index: 1;"
        >
          <div
            class="leaflet-tile-container leaflet-zoom-animated"
            style="z-index: 18; left: 0px; top: 0px;"
          >
            <img
              alt=""
              class="leaflet-tile"
              src="https://a.tile.openstreetmap.org/16/10550/25435.png"
              style="width: 256px; height: 256px; left: -105px; top: -16px;"
            />
          </div>
        </div>
      </div>
      <div
        class="leaflet-pane leaflet-overlay-pane"
      />
      <div
        class="leaflet-pane leaflet-shadow-pane"
      />
      <div
        class="leaflet-pane leaflet-marker-pane"
      >
        <div
          class="leaflet-marker-icon icon-emoji leaflet-zoom-hide leaflet-interactive"
          role="button"
          style="margin-left: -10px; margin-top: -10px; width: 12px; height: 12px; left: -37px; top: -266px; z-index: -266;"
          tabindex="0"
        >
          <div>
            🚻
          </div>
        </div>
        <div
          class="leaflet-marker-icon icon-emoji leaflet-zoom-hide leaflet-interactive"
          role="button"
          style="margin-left: -10px; margin-top: -10px; width: 12px; height: 12px; left: 16px; top: -129px; z-index: -129;"
          tabindex="0"
        >
          <div>
            🚻
          </div>
        </div>
        <div
          class="leaflet-marker-icon icon-emoji leaflet-zoom-hide leaflet-interactive"
          role="button"
          style="margin-left: -10px; margin-top: -10px; width: 12px; height: 12px; left: -65px; top: -7px; z-index: -7;"
          tabindex="0"
        >
          <div>
            🚹
          </div>
        </div>
        <div
          class="leaflet-marker-icon icon-emoji leaflet-zoom-hide leaflet-interactive"
          role="button"
          style="margin-left: -10px; margin-top: -10px; width: 12px; height: 12px; left: -55px; top: -7px; z-index: -7;"
          tabindex="0"
        >
          <div>
            🚺
          </div>
        </div>
        <div
          class="leaflet-marker-icon icon-emoji leaflet-zoom-hide leaflet-interactive"
          role="button"
          style="margin-left: -10px; margin-top: -10px; width: 12px; height: 12px; left: -51px; top: 13px; z-index: 13;"
          tabindex="0"
        >
          <div>
            🚺
          </div>
        </div>
        <div
          class="leaflet-marker-icon icon-emoji leaflet-zoom-hide leaflet-interactive"
          role="button"
          style="margin-left: -10px; margin-top: -10px; width: 12px; height: 12px; left: -46px; top: 13px; z-index: 13;"
          tabindex="0"
        >
          <div>
            🚹
          </div>
        </div>
        <div
          class="leaflet-marker-icon icon-emoji leaflet-zoom-hide leaflet-interactive"
          role="button"
          style="margin-left: -10px; margin-top: -10px; width: 12px; height: 12px; left: -44px; top: 58px; z-index: 58;"
          tabindex="0"
        >
          <div>
            🚻
          </div>
        </div>
        <div
          class="leaflet-marker-icon icon-emoji leaflet-zoom-hide leaflet-interactive"
          role="button"
          style="margin-left: -10px; margin-top: -10px; width: 12px; height: 12px; left: -14px; top: 67px; z-index: 67;"
          tabindex="0"
        >
          <div>
            🚻
          </div>
        </div>
        <div
          class="leaflet-marker-icon icon-emoji leaflet-zoom-hide leaflet-interactive"
          role="button"
          style="margin-left: -10px; margin-top: -10px; width: 12px; height: 12px; left: -47px; top: 101px; z-index: 101;"
          tabindex="0"
        >
          <div>
            🚻
          </div>
        </div>
        <div
          class="leaflet-marker-icon icon-emoji leaflet-zoom-hide leaflet-interactive"
          role="button"
          style="margin-left: -10px; margin-top: -10px; width: 12px; height: 12px; left: -71px; top: 77px; z-index: 77;"
          tabindex="0"
        >
          <div>
            🚻
          </div>
        </div>
        <div
          class="leaflet-marker-icon icon-emoji leaflet-zoom-hide leaflet-interactive"
          role="button"
          style="margin-left: -10px; margin-top: -10px; width: 12px; height: 12px; left: -103px; top: 93px; z-index: 93;"
          tabindex="0"
        >
          <div>
            🚻
          </div>
        </div>
        <div
          class="leaflet-marker-icon icon-emoji leaflet-zoom-hide leaflet-interactive"
          role="button"
          style="margin-left: -10px; margin-top: -10px; width: 12px; height: 12px; left: -120px; top: 43px; z-index: 43;"
          tabindex="0"
        >
          <div>
            🚻
          </div>
        </div>
        <div
          class="leaflet-marker-icon icon-emoji leaflet-zoom-hide leaflet-interactive"
          role="button"
          style="margin-left: -10px; margin-top: -10px; width: 12px; height: 12px; left: -132px; top: 52px; z-index: 52;"
          tabindex="0"
        >
          <div>
            🚻
          </div>
        </div>
        <div
          class="leaflet-marker-icon icon-emoji leaflet-zoom-hide leaflet-interactive"
          role="button"
          style="margin-left: -10px; margin-top: -10px; width: 12px; height: 12px; left: -49px; top: 139px; z-index: 139;"
          tabindex="0"
        >
          <div>
            🚹
          </div>
        </div>
        <div
          class="leaflet-marker-icon icon-emoji leaflet-zoom-hide leaflet-interactive"
          role="button"
          style="margin-left: -10px; margin-top: -10px; width: 12px; height: 12px; left: -49px; top: 153px; z-index: 153;"
          tabindex="0"
        >
          <div>
            🚺
          </div>
        </div>
        <div
          class="leaflet-marker-icon icon-emoji leaflet-zoom-hide leaflet-interactive"
          role="button"
          style="margin-left: -10px; margin-top: -10px; width: 12px; height: 12px; left: -48px; top: 146px; z-index: 146;"
          tabindex="0"
        >
          <div>
            🚻
          </div>
        </div>
        <div
          class="leaflet-marker-icon icon-emoji leaflet-zoom-hide leaflet-interactive"
          role="button"
          style="margin-left: -10px; margin-top: -10px; width: 12px; height: 12px; left: 20px; top: 7px; z-index: 7;"
          tabindex="0"
        >
          <div>
            🚻
          </div>
        </div>
        <div
          class="leaflet-marker-icon icon-emoji leaflet-zoom-hide leaflet-interactive"
          role="button"
          style="margin-left: -10px; margin-top: -10px; width: 12px; height: 12px; left: 49px; top: 3px; z-index: 3;"
          tabindex="0"
        >
          <div>
            🚹
          </div>
        </div>
        <div
          class="leaflet-marker-icon icon-emoji leaflet-zoom-hide leaflet-interactive"
          role="button"
          style="margin-left: -10px; margin-top: -10px; width: 12px; height: 12px; left: 60px; top: 3px; z-index: 3;"
          tabindex="0"
        >
          <div>
            🚺
          </div>
        </div>
        <div
          class="leaflet-marker-icon icon-emoji leaflet-zoom-hide leaflet-interactive"
          role="button"
          style="margin-left: -10px; margin-top: -10px; width: 12px; height: 12px; left: 54px; top: 39px; z-index: 39;"
          tabindex="0"
        >
          <div>
            🚻
          </div>
        </div>
        <div
          class="leaflet-marker-icon icon-emoji leaflet-zoom-hide leaflet-interactive"
          role="button"
          style="margin-left: -10px; margin-top: -10px; width: 12px; height: 12px; left: 0px; top: 42px; z-index: 42;"
          tabindex="0"
        >
          <div>
            🚻
          </div>
        </div>
        <div
          class="leaflet-marker-icon icon-emoji leaflet-zoom-hide leaflet-interactive"
          role="button"
          style="margin-left: -10px; margin-top: -10px; width: 12px; height: 12px; left: 56px; top: 84px; z-index: 84;"
          tabindex="0"
        >
          <div>
            🚺
          </div>
        </div>
        <div
          class="leaflet-marker-icon icon-emoji leaflet-zoom-hide leaflet-interactive"
          role="button"
          style="margin-left: -10px; margin-top: -10px; width: 12px; height: 12px; left: 56px; top: 98px; z-index: 98;"
          tabindex="0"
        >
          <div>
            🚹
          </div>
        </div>
        <div
          class="leaflet-marker-icon icon-emoji leaflet-zoom-hide leaflet-interactive"
          role="button"
          style="margin-left: -10px; margin-top: -10px; width: 12px; height: 12px; left: 57px; top: 91px; z-index: 91;"
          tabindex="0"
        >
          <div>
            🚻
          </div>
        </div>
        <div
          class="leaflet-marker-icon icon-emoji leaflet-zoom-hide leaflet-interactive"
          role="button"
          style="margin-left: -10px; margin-top: -10px; width: 12px; height: 12px; left: -124px; top: 118px; z-index: 118;"
          tabindex="0"
        >
          <div>
            🚹
          </div>
        </div>
        <div
          class="leaflet-marker-icon icon-emoji leaflet-zoom-hide leaflet-interactive"
          role="button"
          style="margin-left: -10px; margin-top: -10px; width: 12px; height: 12px; left: -132px; top: 118px; z-index: 118;"
          tabindex="0"
        >
          <div>
            🚺
          </div>
        </div>
        <div
          class="leaflet-marker-icon icon-emoji leaflet-zoom-hide leaflet-interactive"
          role="button"
          style="margin-left: -10px; margin-top: -10px; width: 12px; height: 12px; left: -115px; top: 139px; z-index: 139;"
          tabindex="0"
        >
          <div>
            🚹
          </div>
        </div>
        <div
          class="leaflet-marker-icon icon-emoji leaflet-zoom-hide leaflet-interactive"
          role="button"
          style="margin-left: -10px; margin-top: -10px; width: 12px; height: 12px; left: -115px; top: 153px; z-index: 153;"
          tabindex="0"
        >
          <div>
            🚺
          </div>
        </div>
        <div
          class="leaflet-marker-icon icon-emoji leaflet-zoom-hide leaflet-interactive"
          role="button"
          style="margin-left: -10px; margin-top: -10px; width: 12px; height: 12px; left: -117px; top: 146px; z-index: 146;"
          tabindex="0"
        >
          <div>
            🚻
          </div>
        </div>
        <div
          class="leaflet-marker-icon icon-emoji leaflet-zoom-hide leaflet-interactive"
          role="button"
          style="margin-left: -10px; margin-top: -10px; width: 12px; height: 12px; left: -26px; top: 164px; z-index: 164;"
          tabindex="0"
        >
          <div>
            🚹
          </div>
        </div>
        <div
          class="leaflet-marker-icon icon-emoji leaflet-zoom-hide leaflet-interactive"
          role="button"
          style="margin-left: -10px; margin-top: -10px; width: 12px; height: 12px; left: 15px; top: 164px; z-index: 164;"
          tabindex="0"
        >
          <div>
            🚺
          </div>
        </div>
        <div
          class="leaflet-marker-icon icon-emoji leaflet-zoom-hide leaflet-interactive"
          role="button"
          style="margin-left: -10px; margin-top: -10px; width: 12px; height: 12px; left: 19px; top: 176px; z-index: 176;"
          tabindex="0"
        >
          <div>
            🚻
          </div>
        </div>
        <div
          class="leaflet-marker-icon icon-emoji leaflet-zoom-hide leaflet-interactive"
          role="button"
          style="margin-left: -10px; margin-top: -10px; width: 12px; height: 12px; left: -6px; top: 194px; z-index: 194;"
          tabindex="0"
        >
          <div>
            🚺
          </div>
        </div>
        <div
          class="leaflet-marker-icon icon-emoji leaflet-zoom-hide leaflet-interactive"
          role="button"
          style="margin-left: -10px; margin-top: -10px; width: 12px; height: 12px; left: -6px; top: 202px; z-index: 202;"
          tabindex="0"
        >
          <div>
            🚹
          </div>
        </div>
        <div
          class="leaflet-marker-icon icon-emoji leaflet-zoom-hide leaflet-interactive"
          role="button"
          style="margin-left: -10px; margin-top: -10px; width: 12px; height: 12px; left: -70px; top: 215px; z-index: 215;"
          tabindex="0"
        >
          <div>
            🚹
          </div>
        </div>
        <div
          class="leaflet-marker-icon icon-emoji leaflet-zoom-hide leaflet-interactive"
          role="button"
          style="margin-left: -10px; margin-top: -10px; width: 12px; height: 12px; left: -70px; top: 225px; z-index: 225;"
          tabindex="0"
        >
          <div>
            🚺
          </div>
        </div>
        <div
          class="leaflet-marker-icon icon-emoji leaflet-zoom-hide leaflet-interactive"
          role="button"
          style="margin-left: -10px; margin-top: -10px; width: 12px; height: 12px; left: -39px; top: 278px; z-index: 278;"
          tabindex="0"
        >
          <div>
            🚻
          </div>
        </div>
        <div
          class="leaflet-marker-icon icon-emoji leaflet-zoom-hide leaflet-interactive"
          role="button"
          style="margin-left: -10px; margin-top: -10px; width: 12px; height: 12px; left: -39px; top: 281px; z-index: 281;"
          tabindex="0"
        >
          <div>
            🚻
          </div>
        </div>
        <div
          class="leaflet-marker-icon icon-emoji leaflet-zoom-hide leaflet-interactive"
          role="button"
          style="margin-left: -10px; margin-top: -10px; width: 12px; height: 12px; left: 64px; top: 338px; z-index: 338;"
          tabindex="0"
        >
          <div>
            🚻
          </div>
        </div>
        <div
          class="leaflet-marker-icon icon-emoji leaflet-zoom-hide leaflet-interactive"
          role="button"
          style="margin-left: -10px; margin-top: -10px; width: 12px; height: 12px; left: -39px; top: -84px; z-index: -84;"
          tabindex="0"
        >
          <div>
            🚻
          </div>
        </div>
        <div
          class="leaflet-marker-icon icon-emoji leaflet-zoom-hide leaflet-interactive"
          role="button"
          style="margin-left: -10px; margin-top: -10px; width: 12px; height: 12px; left: 113px; top: -246px; z-index: -246;"
          tabindex="0"
        >
          <div>
            🚻
          </div>
        </div>
        <div
          class="leaflet-marker-icon icon-emoji leaflet-zoom-hide leaflet-interactive"
          role="button"
          style="margin-left: -10px; margin-top: -10px; width: 12px; height: 12px; left: 113px; top: -220px; z-index: -220;"
          tabindex="0"
        >
          <div>
            🚻
          </div>
        </div>
      </div>
      <div
        class="leaflet-pane leaflet-tooltip-pane"
      />
      <div
        class="leaflet-pane leaflet-popup-pane"
      />
    </div>
    <div
      class="leaflet-control-container"
    >
      <div
        class="leaflet-top leaflet-left"
      >
        <div
          class="leaflet-control-zoom leaflet-bar leaflet-control"
        >
          <a
            aria-disabled="false"
            aria-label="Zoom in"
            class="leaflet-control-zoom-in"
            href="#"
            role="button"
            title="Zoom in"
          >
            <span
              aria-hidden="true"
            >
              +
            </span>
          </a>
          <a
            aria-disabled="false"
            aria-label="Zoom out"
            class="leaflet-control-zoom-out"
            href="#"
            role="button"
            title="Zoom out"
          >
            <span
              aria-hidden="true"
            >
              −
            </span>
          </a>
        </div>
      </div>
      <div
        class="leaflet-top leaflet-right"
      />
      <div
        class="leaflet-bottom leaflet-left"
      />
      <div
        class="leaflet-bottom leaflet-right"
      >
        <div
          class="leaflet-control-attribution leaflet-control"
        >
          <a
            href="https://leafletjs.com"
            title="A JavaScript library for interactive maps"
          >
            <svg
              aria-hidden="true"
              class="leaflet-attribution-flag"
              height="8"
              viewBox="0 0 12 8"
              width="12"
              xmlns="http://www.w3.org/2000/svg"
            >
              <path
                d="M0 0h12v4H0z"
                fill="#4C7BE1"
              />
              <path
                d="M0 4h12v3H0z"
                fill="#FFD500"
              />
              <path
                d="M0 7h12v1H0z"
                fill="#E0BC00"
              />
            </svg>
             Leaflet
          </a>
           
          <span
            aria-hidden="true"
          >
            |
          </span>
           © 
          <a
            href="https://www.openstreetmap.org/copyright"
          >
            OpenStreetMap
          </a>
           contributors
        </div>
      </div>
    </div>
  </div>
</DocumentFragment>
`;
